// Jest Snapshot v1, https://goo.gl/fbAQLP

exports[`render DetailsPage correctly 1`] = `null`;
