// Jest Snapshot v1, https://goo.gl/fbAQLP

exports[`render homepage correctly 1`] = `null`;
